# (0574bc39d) /home/kylea/cado-nfs/build/DESKTOP-3J4UC68/sieve/las -poly /home/kylea/code/cuda-sieve/oracle/c183.poly -fb1 /home/kylea/code/cuda-sieve/oracle/c183.fb1 -lim0 67100000 -lim1 134200000 -lpb0 31 -lpb1 32 -mfb0 60 -mfb1 92 -lambda0 2.35 -lambda1 3.5 -A 29 -sqside 1 -q0 120000011 -nq 1 -adjust-strategy 0 -B 14 -t 1 -v -batch-print-survivors surv
# List of modified files in working directory and their SHA1 sum:
# M sieve/las-threads-work-data.cpp c3534f10547378e274d07abf80806a08841cfd0b
# Compiled with gcc 13.3.0
# Compilation flags (C) -Werror=all -Werror=extra -std=c99 -Wall -Wextra -O3 -march=native -funroll-loops -DNDEBUG -DSIZEOF_P_R_VALUES=8
# Compilation flags (C++) -Werror=extra -Werror=all -export-dynamic -std=c++20 -Wno-c++11-compat -Wall -Wextra -O3 -march=native -funroll-loops -DNDEBUG -DSIZEOF_P_R_VALUES=8 -Wno-stringop-overflow -Wno-literal-suffix
# las flags: BUCKET_SIEVE_POWERS LOGNORM_GUARD_BITS=1.00
# Getting rid of sieve_shared_data structure [rss=7168.00 k]
# Applying binding machine,1,1 with hwloc disabled
# 1 jobs in parallel
# 1 threads per job
# Expected memory usage per binding zone for the factor base: 177.97 MB
# Expected memory usage per subjob for logI=15: 1.81 GB
# Expected memory use per subjob (max reached for logI=15): 1.81 GB
# Expected memory use for 1 binding zone(s) and 1 1-threaded jobs per zone, counting 12 MB of base footprint: 2.00 GB
# Using default value powlim0=ULONG_MAX
# Creating side-0 rational factor base for polynomial f0(x) = -302373103001840496072794392623995033+58958421689715064693511*x
# including primes up to 67100000 and prime powers up to 18446744073709551615 using threadpool of 1 threads.
# Creating side-0 rational factor base took 1.1 (2.8 real)
# Using default value powlim1=ULONG_MAX
# Reading side-1 factor base from disk for polynomial f1(x) = -230628868106431738173949771021343942925597240-7196585837893771008938965563233970542*x+836630598661015441244544068131*x^2-2465553130084580317098*x^3-223080491136*x^4+110880*x^5
# Reading side-1 factor base from /home/kylea/code/cuda-sieve/oracle/c183.fb1
# Factor base successfully read, 4817859 primes, largest was 134199997
# Reading side-1 factor base took 0.8 (4.9 real)
# polynomial has no roots for 2 of the 3 primes that were tried
#
# Now sieving side-1 q=120000053; rho=112625526
# Side 0: log2(maxnorm)=131.86 scale=1.93, logbase=1.433439 bound=141
# Creating new slicing on side 0 for scale=1.93, thresholds={32768, 67100000, 67100000, 67100000}
# side-0 part 0: 3589 primes, 3589 ideals, weight 3.3755
# side-0 part 1: 3954896 primes, 3954896 ideals, weight 0.55075 [124 slices]
# Side 1: log2(maxnorm)=196.61 scale=1.28, logbase=1.722273 bound=143
# Creating new slicing on side 1 for scale=1.28, thresholds={32768, 134200000, 134200000, 134200000}
# side-1 part 0: 2362 primes, 3839 ideals, weight 9.359
# side-1 part 1: 4815497 primes, 7601777 ideals, weight 0.58702 [139 slices]
# Using default strategy for the cofactorization: ncurves0=100 ncurves1=21
# Building/reading strategies took 0.8s
# Sieving side-1 q=120000053; rho=112625526; a0=7374527; b0=-1; a1=120000053; b1=0; I=32768; J=16384;
# Reserving buckets with a multiplier of 1,
# Error: 1s buckets are full, worst is bucket 6813 on side 1: 5083* /5024
# redoing side-1 q=120000053; rho=112625526 because 1s buckets are full
# Fullest level-1s bucket #6813, wrote 5083/5024
# Updating 1s bucket multiplier to 1.000*5083/5024*1.05, =1.062
# Expected memory usage per binding zone for the factor base: 177.97 MB
# Expected memory usage per subjob for logI=15: 1.92 GB
# Expected memory use per subjob (max reached for logI=15): 1.92 GB
# Expected memory use for 1 binding zone(s) and 1 1-threaded jobs per zone, counting 12 MB of base footprint: 2.11 GB
#
# Now sieving side-1 q=120000053; rho=112625526
# Side 0: log2(maxnorm)=131.86 scale=1.93, logbase=1.433439 bound=141
# Side 1: log2(maxnorm)=196.61 scale=1.28, logbase=1.722273 bound=143
# Sieving side-1 q=120000053; rho=112625526; a0=7374527; b0=-1; a1=120000053; b1=0; I=32768; J=16384;
# Reserving buckets with a multiplier of 1,1s:1.062
# survivors before_sieve: 536870912
# survivors after_sieve: 797028 (ratio 1.48e-03)
# survivors not_both_even: 797028
# survivors not_both_multiples_of_p: 797028
# survivors trial_divided_on_side[0]: 33355
# survivors check_leftover_norm_on_side[0]: 33355 (4.2%)
# survivors trial_divided_on_side[1]: 1851
# survivors check_leftover_norm_on_side[1]: 1851 (5.5%)
# survivors enter_cofactoring: 1851
# survivors cofactored: 0 (0.0%)
# survivors smooth: 0
# Checksums over sieve region: after all sieving: 0 0
# 1851 relation(s)
# Time for side-1 q=120000053; rho=112625526: (37.6 elapsed) 24.72s [norm 0.03+0.1, sieving 11.5 (5.3+5.9 + 0.3), factor 0.7 (0.4+0.4 + 0.0), rest 10.5]
# subjob 0 done (1 special-q's), now waiting for other jobs
# Average J=16384 for 1 special-q's, max bucket fill -bkmult 1,1s:1.062
# Discarded 0 special-q's out of 1 pushed
# survivors before_sieve: 536870912
# survivors after_sieve: 797028 (ratio 1.48e-03)
# survivors not_both_even: 797028
# survivors not_both_multiples_of_p: 797028
# survivors trial_divided_on_side[0]: 33355
# survivors check_leftover_norm_on_side[0]: 33355 (4.2%)
# survivors trial_divided_on_side[1]: 1851
# survivors check_leftover_norm_on_side[1]: 1851 (5.5%)
# survivors enter_cofactoring: 1851
# survivors cofactored: 0 (0.0%)
# survivors smooth: 0
# Wasted cpu time due to 1 bkmult adjustments: 0.88
# Cumulated wait time over all threads 0.14
# Total cpu time 19.84s, useful 24.72s [norm 0.03+0.1, sieving 11.5 (5.3+5.9 + 0.3), factor 0.7 (0.4+0.4 + 0.0), rest 10.5], wasted+waited 1.02s, rest -5.90s
# Total elapsed time 69.93s, per special-q 69.9302, per relation 0.0377797
# Expected memory usage per binding zone for the factor base: 177.97 MB
# Expected memory usage per subjob for logI=15: 1.92 GB
# Expected memory use per subjob (max reached for logI=15): 1.92 GB
# Expected memory use for 1 binding zone(s) and 1 1-threaded jobs per zone, counting 12 MB of base footprint: 2.11 GB
# PeakMemusage (MB) = 3361
# Total 1851 reports [0.0107s/r, 1851.0r/sq] in 69.9 elapsed s [28.4% CPU]
# Getting rid of sieve_shared_data structure [rss=322.45 MB]
